Copyright 1986-2022 Xilinx, Inc. All Rights Reserved. Copyright 2022-2025 Advanced Micro Devices, Inc. All Rights Reserved.
---------------------------------------------------------------------------------------------------------------------------------------------
| Tool Version : Vivado v.2025.1 (lin64) Build 6140274 Wed May 21 22:58:25 MDT 2025
| Date         : Mon Apr  6 15:25:47 2026
| Host         : aryabhatta.mumbaisemi running 64-bit Red Hat Enterprise Linux release 8.10 (Ootpa)
| Command      : report_control_sets -verbose -file design_1_wrapper_control_sets_placed.rpt
| Design       : design_1_wrapper
| Device       : xc7a100t
---------------------------------------------------------------------------------------------------------------------------------------------

Control Set Information

Table of Contents
-----------------
1. Summary
2. Histogram
3. Flip-Flop Distribution
4. Detailed Control Set Information

1. Summary
----------

+----------------------------------------------------------+-------+
|                          Status                          | Count |
+----------------------------------------------------------+-------+
| Total control sets                                       |    58 |
|    Minimum number of control sets                        |    58 |
|    Addition due to synthesis replication                 |     0 |
|    Addition due to physical synthesis replication        |     0 |
| Unused register locations in slices containing registers |   198 |
+----------------------------------------------------------+-------+
* Control sets can be merged at opt_design using control_set_merge or merge_equivalent_drivers
** Run report_qor_suggestions for automated merging and remapping suggestions


2. Histogram
------------

+--------------------+-------+
|       Fanout       | Count |
+--------------------+-------+
| Total control sets |    58 |
| >= 0 to < 4        |     5 |
| >= 4 to < 6        |    15 |
| >= 6 to < 8        |     7 |
| >= 8 to < 10       |     2 |
| >= 10 to < 12      |     2 |
| >= 12 to < 14      |     5 |
| >= 14 to < 16      |     0 |
| >= 16              |    22 |
+--------------------+-------+
* Control sets can be remapped at either synth_design or opt_design


3. Flip-Flop Distribution
-------------------------

+--------------+-----------------------+------------------------+-----------------+--------------+
| Clock Enable | Synchronous Set/Reset | Asynchronous Set/Reset | Total Registers | Total Slices |
+--------------+-----------------------+------------------------+-----------------+--------------+
| No           | No                    | No                     |             209 |           51 |
| No           | No                    | Yes                    |               0 |            0 |
| No           | Yes                   | No                     |             276 |           89 |
| Yes          | No                    | No                     |             103 |           32 |
| Yes          | No                    | Yes                    |               0 |            0 |
| Yes          | Yes                   | No                     |             342 |           92 |
+--------------+-----------------------+------------------------+-----------------+--------------+


4. Detailed Control Set Information
-----------------------------------

+---------------------------------------------------+------------------------------------------------------------------------------------------------------------------------------------------------------------+--------------------------------------------------------------------------------------------------------------------------------------------------------------------------------------+------------------+----------------+--------------+
|                    Clock Signal                   |                                                                        Enable Signal                                                                       |                                                                                   Set/Reset Signal                                                                                   | Slice Load Count | Bel Load Count | Bels / Slice |
+---------------------------------------------------+------------------------------------------------------------------------------------------------------------------------------------------------------------+--------------------------------------------------------------------------------------------------------------------------------------------------------------------------------------+------------------+----------------+--------------+
|  design_1_i/clk_wiz/inst/clk_out1                 | design_1_i/axi_ethernetlite_0/U0/I_AXI_NATIVE_IPIF/AXI4_LITE_IF_GEN.read_in_prog_reg_7[0]                                                                  |                                                                                                                                                                                      |                1 |              1 |         1.00 |
|  design_1_i/clk_wiz/inst/clk_out1                 | design_1_i/axi_ethernetlite_0/U0/I_AXI_NATIVE_IPIF/bus2ip_rdce_i_d1                                                                                        | design_1_i/axi_ethernetlite_0/U0/XEMAC_I/EMAC_I/TX/INST_TX_STATE_MACHINE/s_axi_aresetn_0                                                                                             |                1 |              1 |         1.00 |
|  design_1_i/clk_wiz/inst/clk_out1                 | design_1_i/axi_ethernetlite_0/U0/XEMAC_I/EMAC_I/TX/INST_TX_STATE_MACHINE/RX_DONE_D1_I[0]                                                                   |                                                                                                                                                                                      |                1 |              1 |         1.00 |
|  design_1_i/clk_wiz/inst/clk_out1                 |                                                                                                                                                            | design_1_i/axi_ethernetlite_0/U0/XEMAC_I/EMAC_I/RX/INST_CRCGENRX/crcokdelay                                                                                                          |                1 |              1 |         1.00 |
|  design_1_i/clk_wiz/inst/clk_out1                 |                                                                                                                                                            | design_1_i/axi_ethernetlite_0/U0/XEMAC_I/EMAC_I/TX/INST_TX_STATE_MACHINE/rst                                                                                                         |                1 |              1 |         1.00 |
|  design_1_i/clk_wiz/inst/clk_out1                 |                                                                                                                                                            | design_1_i/axi_ethernetlite_0/U0/XEMAC_I/EMAC_I/TX/INST_TX_INTRFCE/I_TX_FIFO/gnuram_async_fifo.xpm_fifo_base_inst/xpm_fifo_rst_inst/FSM_onehot_gen_rst_ic.curr_wrst_state[4]_i_1_n_0 |                2 |              4 |         2.00 |
|  design_1_i/axi_ethernetlite_0/U0/dest_clk        |                                                                                                                                                            | design_1_i/axi_ethernetlite_0/U0/XEMAC_I/EMAC_I/RX/INST_RX_INTRFCE/I_RX_FIFO/gnuram_async_fifo.xpm_fifo_base_inst/xpm_fifo_rst_inst/FSM_onehot_gen_rst_ic.curr_wrst_state[4]_i_1_n_0 |                2 |              4 |         2.00 |
|  design_1_i/clk_wiz/inst/clk_out1                 | design_1_i/axi_ethernetlite_0/U0/XEMAC_I/EMAC_I/TX/INST_TX_STATE_MACHINE/emac_tx_wr_i                                                                      | design_1_i/axi_ethernetlite_0/U0/XEMAC_I/EMAC_I/TX/INST_TX_STATE_MACHINE/txComboBusFifoWrCntRst                                                                                      |                1 |              4 |         4.00 |
|  design_1_i/clk_wiz/inst/clk_out1                 | design_1_i/axi_ethernetlite_0/U0/XEMAC_I/EMAC_I/TX/INST_TX_STATE_MACHINE/CE_1                                                                              | design_1_i/axi_ethernetlite_0/U0/XEMAC_I/EMAC_I/TX/INST_TX_STATE_MACHINE/s_axi_aresetn_0                                                                                             |                1 |              4 |         4.00 |
|  design_1_i/clk_wiz/inst/clk_out1                 | design_1_i/axi_ethernetlite_0/U0/XEMAC_I/EMAC_I/TX/INST_TX_STATE_MACHINE/mac_addr_ram_we                                                                   |                                                                                                                                                                                      |                1 |              4 |         4.00 |
|  design_1_i/clk_wiz/inst/clk_out1                 | design_1_i/eth_tx_master_0/inst/word_idx[3]_i_1_n_0                                                                                                        | design_1_i/eth_tx_master_0/inst/M_AXI_AWVALID_i_1_n_0                                                                                                                                |                2 |              4 |         2.00 |
|  design_1_i/clk_wiz/inst/clk_out1                 | design_1_i/eth_tx_master_0/inst/wr_addr[11]_i_1_n_0                                                                                                        | design_1_i/eth_tx_master_0/inst/wr_data[5]_i_1_n_0                                                                                                                                   |                2 |              4 |         2.00 |
|  design_1_i/clk_wiz/inst/clk_out1                 |                                                                                                                                                            | design_1_i/axi_ethernetlite_0/U0/XEMAC_I/EMAC_I/RX/INST_RX_INTRFCE/SR[0]                                                                                                             |                1 |              4 |         4.00 |
|  design_1_i/clk_wiz/inst/clk_out1                 |                                                                                                                                                            | design_1_i/axi_ethernetlite_0/U0/XEMAC_I/EMAC_I/TX/INST_TX_STATE_MACHINE/Mac_addr_ram_we_i_1_n_0                                                                                     |                1 |              4 |         4.00 |
|  design_1_i/clk_wiz/inst/clk_out1                 |                                                                                                                                                            | design_1_i/rst_clk_wiz_100M/U0/EXT_LPF/lpf_int                                                                                                                                       |                2 |              4 |         2.00 |
|  design_1_i/axi_ethernetlite_0/U0/phy_tx_clk_core |                                                                                                                                                            | design_1_i/axi_ethernetlite_0/U0/BUS_RST_TX_SYNC_CORE_I/syncstages_ff[3]                                                                                                             |                2 |              5 |         2.50 |
|  design_1_i/clk_wiz/inst/clk_out1                 | design_1_i/eth_tx_master_0/inst/wr_addr[11]_i_1_n_0                                                                                                        | design_1_i/eth_tx_master_0/inst/wr_addr[10]_i_1_n_0                                                                                                                                  |                2 |              5 |         2.50 |
|  design_1_i/clk_wiz/inst/clk_out1                 |                                                                                                                                                            | design_1_i/eth_tx_master_0/inst/M_AXI_AWVALID_i_1_n_0                                                                                                                                |                2 |              5 |         2.50 |
|  design_1_i/clk_wiz/inst/clk_out1                 | design_1_i/axi_ethernetlite_0/U0/XEMAC_I/EMAC_I/TX/INST_DEFERRAL_CONTROL/inst_deferral_state/E[0]                                                          | design_1_i/axi_ethernetlite_0/U0/XEMAC_I/EMAC_I/TX/INST_TX_STATE_MACHINE/s_axi_aresetn_0                                                                                             |                1 |              5 |         5.00 |
|  design_1_i/clk_wiz/inst/clk_out1                 | design_1_i/axi_ethernetlite_0/U0/XEMAC_I/EMAC_I/TX/INST_DEFERRAL_CONTROL/inst_deferral_state/FSM_sequential_thisState_reg[0]_0[0]                          | design_1_i/axi_ethernetlite_0/U0/XEMAC_I/EMAC_I/TX/INST_TX_STATE_MACHINE/s_axi_aresetn_0                                                                                             |                1 |              5 |         5.00 |
|  design_1_i/clk_wiz/inst/clk_out1                 |                                                                                                                                                            | design_1_i/axi_ethernetlite_0/U0/XEMAC_I/MDIO_GEN.clk_cnt[5]_i_1_n_0                                                                                                                 |                2 |              6 |         3.00 |
|  design_1_i/axi_ethernetlite_0/U0/dest_clk        |                                                                                                                                                            | design_1_i/axi_ethernetlite_0/U0/BUS_RST_RX_SYNC_CORE_I/syncstages_ff[3]                                                                                                             |                1 |              6 |         6.00 |
|  design_1_i/clk_wiz/inst/clk_out1                 | design_1_i/axi_ethernetlite_0/U0/XEMAC_I/MDIO_GEN.MDIO_IF_I/clk_cnt                                                                                        | design_1_i/axi_ethernetlite_0/U0/XEMAC_I/EMAC_I/TX/INST_TX_STATE_MACHINE/s_axi_aresetn_0                                                                                             |                2 |              6 |         3.00 |
|  design_1_i/clk_wiz/inst/clk_out1                 | design_1_i/rst_clk_wiz_100M/U0/SEQ/seq_cnt_en                                                                                                              | design_1_i/rst_clk_wiz_100M/U0/SEQ/SEQ_COUNTER/clear                                                                                                                                 |                1 |              6 |         6.00 |
|  design_1_i/clk_wiz/inst/clk_out1                 | design_1_i/eth_tx_master_0/inst/M_AXI_AWADDR[30]_i_2_n_0                                                                                                   | design_1_i/eth_tx_master_0/inst/M_AXI_AWADDR[30]_i_1_n_0                                                                                                                             |                2 |              6 |         3.00 |
|  design_1_i/clk_wiz/inst/clk_out1                 | design_1_i/axi_ethernetlite_0/U0/XEMAC_I/EMAC_I/RX/INST_RX_STATE/pkt_length_cnt[6]_i_2_n_0                                                                 | design_1_i/axi_ethernetlite_0/U0/XEMAC_I/EMAC_I/RX/INST_RX_STATE/pkt_length_cnt0                                                                                                     |                2 |              7 |         3.50 |
|  design_1_i/clk_wiz/inst/clk_out1                 | design_1_i/eth_tx_master_0/inst/FSM_onehot_state[6]_i_1_n_0                                                                                                | design_1_i/eth_tx_master_0/inst/M_AXI_AWVALID_i_1_n_0                                                                                                                                |                2 |              7 |         3.50 |
|  design_1_i/clk_wiz/inst/clk_out1                 | design_1_i/axi_ethernetlite_0/U0/XEMAC_I/EMAC_I/TX/INST_TX_INTRFCE/I_TX_FIFO/gnuram_async_fifo.xpm_fifo_base_inst/xpm_fifo_rst_inst/wr_pntr_plus1_pf_carry |                                                                                                                                                                                      |                1 |              8 |         8.00 |
|  design_1_i/axi_ethernetlite_0/U0/dest_clk        | design_1_i/axi_ethernetlite_0/U0/XEMAC_I/EMAC_I/RX/INST_RX_INTRFCE/I_RX_FIFO/gnuram_async_fifo.xpm_fifo_base_inst/xpm_fifo_rst_inst/wr_pntr_plus1_pf_carry |                                                                                                                                                                                      |                1 |              8 |         8.00 |
|  design_1_i/clk_wiz/inst/clk_out1                 | design_1_i/axi_ethernetlite_0/U0/I_AXI_NATIVE_IPIF/AXI4_LITE_IF_GEN.bus2ip_addr_i[12]_i_1_n_0                                                              | design_1_i/axi_ethernetlite_0/U0/XEMAC_I/EMAC_I/TX/INST_TX_STATE_MACHINE/s_axi_aresetn_0                                                                                             |                3 |             10 |         3.33 |
|  design_1_i/clk_wiz/inst/clk_out1                 | design_1_i/axi_ethernetlite_0/U0/I_AXI_NATIVE_IPIF/AXI4_LITE_IF_GEN.write_in_prog_reg_0[0]                                                                 | design_1_i/axi_ethernetlite_0/U0/XEMAC_I/EMAC_I/TX/INST_TX_STATE_MACHINE/s_axi_aresetn_0                                                                                             |                2 |             11 |         5.50 |
|  design_1_i/clk_wiz/inst/clk_out1                 | design_1_i/axi_ethernetlite_0/U0/XEMAC_I/EMAC_I/TX/INST_TX_STATE_MACHINE/STATE10A_0[0]                                                                     | design_1_i/axi_ethernetlite_0/U0/XEMAC_I/EMAC_I/TX/INST_TX_STATE_MACHINE/s_axi_aresetn_0                                                                                             |                4 |             12 |         3.00 |
|  design_1_i/clk_wiz/inst/clk_out1                 | design_1_i/axi_ethernetlite_0/U0/XEMAC_I/EMAC_I/TX/INST_TX_STATE_MACHINE/tx_addr_en                                                                        | design_1_i/axi_ethernetlite_0/U0/XEMAC_I/EMAC_I/TX/INST_TX_STATE_MACHINE/STATE8A_2                                                                                                   |                3 |             12 |         4.00 |
|  design_1_i/clk_wiz/inst/clk_out1                 | design_1_i/axi_ethernetlite_0/U0/XEMAC_I/EMAC_I/TX/INST_TX_STATE_MACHINE/CE                                                                                | design_1_i/axi_ethernetlite_0/U0/XEMAC_I/EMAC_I/TX/INST_TX_STATE_MACHINE/txComboNibbleCntRst                                                                                         |                3 |             12 |         4.00 |
|  design_1_i/clk_wiz/inst/clk_out1                 |                                                                                                                                                            | design_1_i/axi_ethernetlite_0/U0/XEMAC_I/EMAC_I/RX/INST_RX_INTRFCE/state3a[0]                                                                                                        |                4 |             13 |         3.25 |
|  design_1_i/clk_wiz/inst/clk_out1                 | design_1_i/axi_ethernetlite_0/U0/XEMAC_I/MDIO_GEN.MDIO_IF_I/mdio_state                                                                                     | design_1_i/axi_ethernetlite_0/U0/XEMAC_I/EMAC_I/TX/INST_TX_STATE_MACHINE/s_axi_aresetn_0                                                                                             |                2 |             13 |         6.50 |
|  design_1_i/clk_wiz/inst/clk_out1                 | design_1_i/axi_ethernetlite_0/U0/I_AXI_NATIVE_IPIF/AXI4_LITE_IF_GEN.bus2ip_addr_i_reg[4]_3[0]                                                              | design_1_i/axi_ethernetlite_0/U0/XEMAC_I/EMAC_I/TX/INST_TX_STATE_MACHINE/s_axi_aresetn_0                                                                                             |                4 |             16 |         4.00 |
|  design_1_i/clk_wiz/inst/clk_out1                 | design_1_i/axi_ethernetlite_0/U0/I_AXI_NATIVE_IPIF/E[0]                                                                                                    | design_1_i/axi_ethernetlite_0/U0/XEMAC_I/EMAC_I/TX/INST_TX_STATE_MACHINE/s_axi_aresetn_0                                                                                             |                3 |             16 |         5.33 |
|  design_1_i/clk_wiz/inst/clk_out1                 | design_1_i/axi_ethernetlite_0/U0/I_AXI_NATIVE_IPIF/AXI4_LITE_IF_GEN.bus2ip_addr_i_reg[4]_2[0]                                                              | design_1_i/axi_ethernetlite_0/U0/XEMAC_I/EMAC_I/TX/INST_TX_STATE_MACHINE/s_axi_aresetn_0                                                                                             |                3 |             16 |         5.33 |
|  design_1_i/axi_ethernetlite_0/U0/dest_clk        |                                                                                                                                                            | design_1_i/axi_ethernetlite_0/U0/XEMAC_I/EMAC_I/RX/INST_RX_INTRFCE/I_RX_FIFO/gnuram_async_fifo.xpm_fifo_base_inst/xpm_fifo_rst_inst/wrst_busy                                        |                5 |             17 |         3.40 |
|  design_1_i/axi_ethernetlite_0/U0/dest_clk        | design_1_i/axi_ethernetlite_0/U0/XEMAC_I/EMAC_I/RX/INST_RX_INTRFCE/I_RX_FIFO/gnuram_async_fifo.xpm_fifo_base_inst/xpm_fifo_rst_inst/wr_pntr_plus1_pf_carry | design_1_i/axi_ethernetlite_0/U0/XEMAC_I/EMAC_I/RX/INST_RX_INTRFCE/I_RX_FIFO/gnuram_async_fifo.xpm_fifo_base_inst/xpm_fifo_rst_inst/wrst_busy                                        |                5 |             17 |         3.40 |
|  design_1_i/clk_wiz/inst/clk_out1                 | design_1_i/axi_ethernetlite_0/U0/XEMAC_I/EMAC_I/TX/INST_TX_INTRFCE/I_TX_FIFO/gnuram_async_fifo.xpm_fifo_base_inst/xpm_fifo_rst_inst/wr_pntr_plus1_pf_carry | design_1_i/axi_ethernetlite_0/U0/XEMAC_I/EMAC_I/TX/INST_TX_INTRFCE/I_TX_FIFO/gnuram_async_fifo.xpm_fifo_base_inst/xpm_fifo_rst_inst/wrst_busy                                        |                4 |             17 |         4.25 |
|  design_1_i/clk_wiz/inst/clk_out1                 |                                                                                                                                                            | design_1_i/axi_ethernetlite_0/U0/XEMAC_I/EMAC_I/TX/INST_TX_INTRFCE/I_TX_FIFO/gnuram_async_fifo.xpm_fifo_base_inst/xpm_fifo_rst_inst/wrst_busy                                        |                5 |             17 |         3.40 |
|  design_1_i/clk_wiz/inst/clk_out1                 |                                                                                                                                                            | design_1_i/axi_ethernetlite_0/U0/XEMAC_I/EMAC_I/RX/INST_RX_INTRFCE/I_RX_FIFO/gnuram_async_fifo.xpm_fifo_base_inst/xpm_fifo_rst_inst/SR[0]                                            |                5 |             19 |         3.80 |
|  design_1_i/clk_wiz/inst/clk_out1                 | design_1_i/axi_ethernetlite_0/U0/XEMAC_I/EMAC_I/RX/INST_RX_INTRFCE/I_RX_FIFO/gnuram_async_fifo.xpm_fifo_base_inst/rdp_inst/E[0]                            | design_1_i/axi_ethernetlite_0/U0/XEMAC_I/EMAC_I/RX/INST_RX_INTRFCE/I_RX_FIFO/gnuram_async_fifo.xpm_fifo_base_inst/xpm_fifo_rst_inst/SR[0]                                            |                7 |             19 |         2.71 |
|  design_1_i/axi_ethernetlite_0/U0/phy_tx_clk_core |                                                                                                                                                            | design_1_i/axi_ethernetlite_0/U0/XEMAC_I/EMAC_I/TX/INST_TX_INTRFCE/I_TX_FIFO/gnuram_async_fifo.xpm_fifo_base_inst/xpm_fifo_rst_inst/SR[0]                                            |                5 |             19 |         3.80 |
|  design_1_i/axi_ethernetlite_0/U0/phy_tx_clk_core | design_1_i/axi_ethernetlite_0/U0/XEMAC_I/EMAC_I/TX/INST_TX_INTRFCE/I_TX_FIFO/gnuram_async_fifo.xpm_fifo_base_inst/rdp_inst/E[0]                            | design_1_i/axi_ethernetlite_0/U0/XEMAC_I/EMAC_I/TX/INST_TX_INTRFCE/I_TX_FIFO/gnuram_async_fifo.xpm_fifo_base_inst/xpm_fifo_rst_inst/SR[0]                                            |                8 |             19 |         2.38 |
|  design_1_i/clk_wiz/inst/clk_out1                 | design_1_i/eth_tx_master_0/inst/timer                                                                                                                      | design_1_i/eth_tx_master_0/inst/M_AXI_AWVALID_i_1_n_0                                                                                                                                |                6 |             24 |         4.00 |
|  design_1_i/clk_wiz/inst/clk_out1                 | design_1_i/eth_tx_master_0/inst/frame[3][15]_i_1_n_0                                                                                                       |                                                                                                                                                                                      |                6 |             32 |         5.33 |
|  design_1_i/clk_wiz/inst/clk_out1                 |                                                                                                                                                            | design_1_i/counter_0/inst/clear                                                                                                                                                      |                8 |             32 |         4.00 |
|  design_1_i/clk_wiz/inst/clk_out1                 | design_1_i/axi_ethernetlite_0/U0/XEMAC_I/EMAC_I/TX/INST_TX_STATE_MACHINE/E[0]                                                                              | design_1_i/axi_ethernetlite_0/U0/XEMAC_I/EMAC_I/TX/INST_TX_STATE_MACHINE/SR[0]                                                                                                       |                7 |             32 |         4.57 |
|  design_1_i/clk_wiz/inst/clk_out1                 | design_1_i/axi_ethernetlite_0/U0/XEMAC_I/EMAC_I/RX/rxCrcEn_d1                                                                                              | design_1_i/axi_ethernetlite_0/U0/XEMAC_I/EMAC_I/RX/INST_RX_STATE/state22a_0[0]                                                                                                       |                8 |             32 |         4.00 |
|  design_1_i/clk_wiz/inst/clk_out1                 | design_1_i/eth_tx_master_0/inst/wr_addr[11]_i_1_n_0                                                                                                        |                                                                                                                                                                                      |               13 |             33 |         2.54 |
|  design_1_i/clk_wiz/inst/clk_out1                 | design_1_i/eth_tx_master_0/inst/M_AXI_AWADDR[30]_i_2_n_0                                                                                                   |                                                                                                                                                                                      |               11 |             36 |         3.27 |
|  design_1_i/axi_ethernetlite_0/U0/dest_clk        |                                                                                                                                                            |                                                                                                                                                                                      |               12 |             46 |         3.83 |
|  design_1_i/axi_ethernetlite_0/U0/phy_tx_clk_core |                                                                                                                                                            |                                                                                                                                                                                      |               10 |             52 |         5.20 |
|  design_1_i/clk_wiz/inst/clk_out1                 |                                                                                                                                                            |                                                                                                                                                                                      |               30 |            112 |         3.73 |
|  design_1_i/clk_wiz/inst/clk_out1                 |                                                                                                                                                            | design_1_i/axi_ethernetlite_0/U0/XEMAC_I/EMAC_I/TX/INST_TX_STATE_MACHINE/s_axi_aresetn_0                                                                                             |               40 |            115 |         2.88 |
+---------------------------------------------------+------------------------------------------------------------------------------------------------------------------------------------------------------------+--------------------------------------------------------------------------------------------------------------------------------------------------------------------------------------+------------------+----------------+--------------+


